
> react-example@0.0.0 test
> vitest run


[1m[30m[46m RUN [49m[39m[22m [36mv4.1.10 [39m[90m/Users/obadadallo/Downloads/linkedin-content-generator[39m

 [32m✓[39m test/services/githubService.test.ts [2m([22m[2m5 tests[22m[2m)[22m[32m 25[2mms[22m[39m
 [32m✓[39m test/components/RepoSparkline.test.tsx [2m([22m[2m1 test[22m[2m)[22m[32m 15[2mms[22m[39m
 [32m✓[39m test/contexts/PostsContext.test.tsx [2m([22m[2m5 tests[22m[2m)[22m[32m 54[2mms[22m[39m
 [32m✓[39m test/contexts/SettingsContext.test.tsx [2m([22m[2m5 tests[22m[2m)[22m[32m 49[2mms[22m[39m
 [32m✓[39m test/engine.test.ts [2m([22m[2m6 tests[22m[2m)[22m[32m 6[2mms[22m[39m
 [31m❯[39m test/components/RepositoriesDashboard.test.tsx [2m([22m[2m3 tests[22m[2m | [22m[31m1 failed[39m[2m)[22m[32m 93[2mms[22m[39m
     [32m✓[39m renders a list of repositories[32m 54[2mms[22m[39m
     [32m✓[39m filters repositories by search input[32m 11[2mms[22m[39m
[31m     [31m×[31m shows please connect message if no githubUsername is provided and not demo mode[39m[32m 26[2mms[22m[39m
 [32m✓[39m test/routes/ai.test.ts [2m([22m[2m6 tests[22m[2m)[22m[32m 36[2mms[22m[39m
 [32m✓[39m test/components/PostEditor.test.tsx [2m([22m[2m5 tests[22m[2m)[22m[32m 154[2mms[22m[39m
[90mstdout[2m | test/integration/app.test.tsx[2m > [22m[2mLinkedIn Authority - End-to-End Integration[2m > [22m[2mPublic Demo Flow: analyzes repo and generates post
[22m[39m[Analytics Event]: landing_view 

 [32m✓[39m test/locales.test.ts [2m([22m[2m2 tests[22m[2m)[22m[32m 3[2mms[22m[39m
[90mstdout[2m | test/integration/app.test.tsx[2m > [22m[2mLinkedIn Authority - End-to-End Integration[2m > [22m[2mPublic Demo Flow: analyzes repo and generates post
[22m[39m[Analytics Event]: repository_url_entered { url: [32m'https://github.com/obadadallo/KeyFixer'[39m }
[Analytics Event]: repository_analysis_started 

[90mstdout[2m | test/integration/app.test.tsx[2m > [22m[2mLinkedIn Authority - End-to-End Integration[2m > [22m[2mPublic Demo Flow: analyzes repo and generates post
[22m[39m[Analytics Event]: post_generation_succeeded 

[90mstdout[2m | test/integration/app.test.tsx[2m > [22m[2mLinkedIn Authority - End-to-End Integration[2m > [22m[2mAuthenticated Flow: authenticates, picks repo, generates post
[22m[39m[Analytics Event]: landing_view 

[90mstdout[2m | test/integration/app.test.tsx[2m > [22m[2mLinkedIn Authority - End-to-End Integration[2m > [22m[2mAuthenticated Flow: authenticates, picks repo, generates post
[22m[39m[Analytics Event]: authentication_started { source: [32m'nav'[39m }

[90mstdout[2m | test/integration/app.test.tsx[2m > [22m[2mLinkedIn Authority - End-to-End Integration[2m > [22m[2mAuthenticated Flow: authenticates, picks repo, generates post
[22m[39mGitHub Fetch: Attempting user repos with token...

[90mstdout[2m | test/integration/app.test.tsx[2m > [22m[2mLinkedIn Authority - End-to-End Integration[2m > [22m[2mAuthenticated Flow: authenticates, picks repo, generates post
[22m[39mGitHub Fetch: Attempting username repos with token...

[90mstdout[2m | test/integration/app.test.tsx[2m > [22m[2mLinkedIn Authority - End-to-End Integration[2m > [22m[2mAuthenticated Flow: authenticates, picks repo, generates post
[22m[39mGitHub Fetch: Attempting username repos without token...

 [31m❯[39m test/integration/app.test.tsx [2m([22m[2m2 tests[22m[2m | [22m[31m1 failed[39m[2m)[22m[33m 2370[2mms[22m[39m
     [33m[2m✓[22m[39m Public Demo Flow: analyzes repo and generates post [33m 880[2mms[22m[39m
[31m     [31m×[31m Authenticated Flow: authenticates, picks repo, generates post[39m[33m 1488[2mms[22m[39m

[2m Test Files [22m [1m[31m2 failed[39m[22m[2m | [22m[1m[32m8 passed[39m[22m[90m (10)[39m
[2m      Tests [22m [1m[31m2 failed[39m[22m[2m | [22m[1m[32m38 passed[39m[22m[90m (40)[39m
[2m   Start at [22m 21:33:46
[2m   Duration [22m 4.23s[2m (transform 1.46s, setup 1.85s, import 2.53s, tests 2.80s, environment 8.17s)[22m

